New job published!

*Software Engineer* at *ACME Corp*

• _Job type:_ *Full time*
• _Location:_ *Not provided*
• _Salary:_ *Not provided*
• _Time working on open source:_ *80%*
 
For more details please see: https://example.com/?job_id=550e8400-e29b-41d4-a716-446655440000