New job published!

*Senior Rust Developer* at *ACME Corp*

• _Job type:_ *Full time*
• _Location:_ *Not provided*
• _Salary:_ *EUR 120K - 180K / year*

 
For more details please see: https://example.com/?job_id=550e8400-e29b-41d4-a716-446655440000